Analysis & Synthesis report for Project1
Sun Sep 19 12:37:58 2021
Quartus Prime Version 16.0.0 Build 211 04/27/2016 SJ Lite Edition


---------------------
; Table of Contents ;
---------------------
  1. Legal Notice
  2. Analysis & Synthesis Summary
  3. Analysis & Synthesis Settings
  4. Parallel Compilation
  5. Analysis & Synthesis Source Files Read
  6. Analysis & Synthesis Resource Usage Summary
  7. Analysis & Synthesis Resource Utilization by Entity
  8. General Register Statistics
  9. Multiplexer Restructuring Statistics (Restructuring Performed)
 10. Port Connectivity Checks: "equal:E4"
 11. Port Connectivity Checks: "equal:E3"
 12. Port Connectivity Checks: "equal:E2"
 13. Port Connectivity Checks: "equal:E1"
 14. Port Connectivity Checks: "add_sub:Add_Sub1|CLA_32:CLA_32_test|CLA_16:CLA_16_high"
 15. Port Connectivity Checks: "add_sub:Add_Sub1|CLA_32:CLA_32_test|CLA_16:CLA_16_low|CLA_4:a3"
 16. Port Connectivity Checks: "add_sub:Add_Sub1|CLA_32:CLA_32_test|CLA_16:CLA_16_low|CLA_4:a2"
 17. Port Connectivity Checks: "add_sub:Add_Sub1|CLA_32:CLA_32_test|CLA_16:CLA_16_low|CLA_4:a1"
 18. Port Connectivity Checks: "add_sub:Add_Sub1|CLA_32:CLA_32_test|CLA_16:CLA_16_low|CLA_4:a0"
 19. Port Connectivity Checks: "add_sub:Add_Sub1|CLA_32:CLA_32_test|CLA_16:CLA_16_low"
 20. Post-Synthesis Netlist Statistics for Top Partition
 21. Elapsed Time Per Partition
 22. Analysis & Synthesis Messages



----------------
; Legal Notice ;
----------------
Copyright (C) 1991-2016 Altera Corporation. All rights reserved.
Your use of Altera Corporation's design tools, logic functions 
and other software and tools, and its AMPP partner logic 
functions, and any output files from any of the foregoing 
(including device programming or simulation files), and any 
associated documentation or information are expressly subject 
to the terms and conditions of the Altera Program License 
Subscription Agreement, the Altera Quartus Prime License Agreement,
the Altera MegaCore Function License Agreement, or other 
applicable license agreement, including, without limitation, 
that your use is for the sole purpose of programming logic 
devices manufactured by Altera and sold by Altera or its 
authorized distributors.  Please refer to the applicable 
agreement for further details.



+----------------------------------------------------------------------------------+
; Analysis & Synthesis Summary                                                     ;
+------------------------------------+---------------------------------------------+
; Analysis & Synthesis Status        ; Successful - Sun Sep 19 12:37:58 2021       ;
; Quartus Prime Version              ; 16.0.0 Build 211 04/27/2016 SJ Lite Edition ;
; Revision Name                      ; Project1                                    ;
; Top-level Entity Name              ; alu                                         ;
; Family                             ; Cyclone IV E                                ;
; Total logic elements               ; 211                                         ;
;     Total combinational functions  ; 211                                         ;
;     Dedicated logic registers      ; 0                                           ;
; Total registers                    ; 0                                           ;
; Total pins                         ; 109                                         ;
; Total virtual pins                 ; 0                                           ;
; Total memory bits                  ; 0                                           ;
; Embedded Multiplier 9-bit elements ; 0                                           ;
; Total PLLs                         ; 0                                           ;
+------------------------------------+---------------------------------------------+


+----------------------------------------------------------------------------------------------------------------------+
; Analysis & Synthesis Settings                                                                                        ;
+----------------------------------------------------------------------------+--------------------+--------------------+
; Option                                                                     ; Setting            ; Default Value      ;
+----------------------------------------------------------------------------+--------------------+--------------------+
; Device                                                                     ; EP4CE115F29C7      ;                    ;
; Top-level entity name                                                      ; alu                ; Project1           ;
; Family name                                                                ; Cyclone IV E       ; Cyclone V          ;
; Use smart compilation                                                      ; Off                ; Off                ;
; Enable parallel Assembler and TimeQuest Timing Analyzer during compilation ; On                 ; On                 ;
; Enable compact report table                                                ; Off                ; Off                ;
; Restructure Multiplexers                                                   ; Auto               ; Auto               ;
; Create Debugging Nodes for IP Cores                                        ; Off                ; Off                ;
; Preserve fewer node names                                                  ; On                 ; On                 ;
; Disable OpenCore Plus hardware evaluation                                  ; Off                ; Off                ;
; Verilog Version                                                            ; Verilog_2001       ; Verilog_2001       ;
; VHDL Version                                                               ; VHDL_1993          ; VHDL_1993          ;
; State Machine Processing                                                   ; Auto               ; Auto               ;
; Safe State Machine                                                         ; Off                ; Off                ;
; Extract Verilog State Machines                                             ; On                 ; On                 ;
; Extract VHDL State Machines                                                ; On                 ; On                 ;
; Ignore Verilog initial constructs                                          ; Off                ; Off                ;
; Iteration limit for constant Verilog loops                                 ; 5000               ; 5000               ;
; Iteration limit for non-constant Verilog loops                             ; 250                ; 250                ;
; Add Pass-Through Logic to Inferred RAMs                                    ; On                 ; On                 ;
; Infer RAMs from Raw Logic                                                  ; On                 ; On                 ;
; Parallel Synthesis                                                         ; On                 ; On                 ;
; DSP Block Balancing                                                        ; Auto               ; Auto               ;
; NOT Gate Push-Back                                                         ; On                 ; On                 ;
; Power-Up Don't Care                                                        ; On                 ; On                 ;
; Remove Redundant Logic Cells                                               ; Off                ; Off                ;
; Remove Duplicate Registers                                                 ; On                 ; On                 ;
; Ignore CARRY Buffers                                                       ; Off                ; Off                ;
; Ignore CASCADE Buffers                                                     ; Off                ; Off                ;
; Ignore GLOBAL Buffers                                                      ; Off                ; Off                ;
; Ignore ROW GLOBAL Buffers                                                  ; Off                ; Off                ;
; Ignore LCELL Buffers                                                       ; Off                ; Off                ;
; Ignore SOFT Buffers                                                        ; On                 ; On                 ;
; Limit AHDL Integers to 32 Bits                                             ; Off                ; Off                ;
; Optimization Technique                                                     ; Balanced           ; Balanced           ;
; Carry Chain Length                                                         ; 70                 ; 70                 ;
; Auto Carry Chains                                                          ; On                 ; On                 ;
; Auto Open-Drain Pins                                                       ; On                 ; On                 ;
; Perform WYSIWYG Primitive Resynthesis                                      ; Off                ; Off                ;
; Auto ROM Replacement                                                       ; On                 ; On                 ;
; Auto RAM Replacement                                                       ; On                 ; On                 ;
; Auto DSP Block Replacement                                                 ; On                 ; On                 ;
; Auto Shift Register Replacement                                            ; Auto               ; Auto               ;
; Allow Shift Register Merging across Hierarchies                            ; Auto               ; Auto               ;
; Auto Clock Enable Replacement                                              ; On                 ; On                 ;
; Strict RAM Replacement                                                     ; Off                ; Off                ;
; Allow Synchronous Control Signals                                          ; On                 ; On                 ;
; Force Use of Synchronous Clear Signals                                     ; Off                ; Off                ;
; Auto RAM Block Balancing                                                   ; On                 ; On                 ;
; Auto RAM to Logic Cell Conversion                                          ; Off                ; Off                ;
; Auto Resource Sharing                                                      ; Off                ; Off                ;
; Allow Any RAM Size For Recognition                                         ; Off                ; Off                ;
; Allow Any ROM Size For Recognition                                         ; Off                ; Off                ;
; Allow Any Shift Register Size For Recognition                              ; Off                ; Off                ;
; Use LogicLock Constraints during Resource Balancing                        ; On                 ; On                 ;
; Ignore translate_off and synthesis_off directives                          ; Off                ; Off                ;
; Timing-Driven Synthesis                                                    ; On                 ; On                 ;
; Report Parameter Settings                                                  ; On                 ; On                 ;
; Report Source Assignments                                                  ; On                 ; On                 ;
; Report Connectivity Checks                                                 ; On                 ; On                 ;
; Ignore Maximum Fan-Out Assignments                                         ; Off                ; Off                ;
; Synchronization Register Chain Length                                      ; 2                  ; 2                  ;
; PowerPlay Power Optimization During Synthesis                              ; Normal compilation ; Normal compilation ;
; HDL message level                                                          ; Level2             ; Level2             ;
; Suppress Register Optimization Related Messages                            ; Off                ; Off                ;
; Number of Removed Registers Reported in Synthesis Report                   ; 5000               ; 5000               ;
; Number of Swept Nodes Reported in Synthesis Report                         ; 5000               ; 5000               ;
; Number of Inverted Registers Reported in Synthesis Report                  ; 100                ; 100                ;
; Clock MUX Protection                                                       ; On                 ; On                 ;
; Auto Gated Clock Conversion                                                ; Off                ; Off                ;
; Block Design Naming                                                        ; Auto               ; Auto               ;
; SDC constraint protection                                                  ; Off                ; Off                ;
; Synthesis Effort                                                           ; Auto               ; Auto               ;
; Shift Register Replacement - Allow Asynchronous Clear Signal               ; On                 ; On                 ;
; Pre-Mapping Resynthesis Optimization                                       ; Off                ; Off                ;
; Analysis & Synthesis Message Level                                         ; Medium             ; Medium             ;
; Disable Register Merging Across Hierarchies                                ; Auto               ; Auto               ;
; Resource Aware Inference For Block RAM                                     ; On                 ; On                 ;
; Synthesis Seed                                                             ; 1                  ; 1                  ;
+----------------------------------------------------------------------------+--------------------+--------------------+


Parallel compilation was disabled, but you have multiple processors available. Enable parallel compilation to reduce compilation time.
+-------------------------------------+
; Parallel Compilation                ;
+----------------------------+--------+
; Processors                 ; Number ;
+----------------------------+--------+
; Number detected on machine ; 8      ;
; Maximum allowed            ; 1      ;
+----------------------------+--------+


+-----------------------------------------------------------------------------------------------------------------------+
; Analysis & Synthesis Source Files Read                                                                                ;
+----------------------------------+-----------------+------------------------+-------------------------------+---------+
; File Name with User-Entered Path ; Used in Netlist ; File Type              ; File Name with Absolute Path  ; Library ;
+----------------------------------+-----------------+------------------------+-------------------------------+---------+
; alu.v                            ; yes             ; User Verilog HDL File  ; E:/ECE 550D/Project/alu.v     ;         ;
; CLA_4.v                          ; yes             ; User Verilog HDL File  ; E:/ECE 550D/Project/CLA_4.v   ;         ;
; CLA_16.v                         ; yes             ; User Verilog HDL File  ; E:/ECE 550D/Project/CLA_16.v  ;         ;
; CLA_32.v                         ; yes             ; User Verilog HDL File  ; E:/ECE 550D/Project/CLA_32.v  ;         ;
; add_sub.v                        ; yes             ; User Verilog HDL File  ; E:/ECE 550D/Project/add_sub.v ;         ;
; and_op.v                         ; yes             ; User Verilog HDL File  ; E:/ECE 550D/Project/and_op.v  ;         ;
; or_op.v                          ; yes             ; User Verilog HDL File  ; E:/ECE 550D/Project/or_op.v   ;         ;
; equal.v                          ; yes             ; User Verilog HDL File  ; E:/ECE 550D/Project/equal.v   ;         ;
+----------------------------------+-----------------+------------------------+-------------------------------+---------+


+-----------------------------------------------------------------------+
; Analysis & Synthesis Resource Usage Summary                           ;
+---------------------------------------------+-------------------------+
; Resource                                    ; Usage                   ;
+---------------------------------------------+-------------------------+
; Estimated Total logic elements              ; 211                     ;
;                                             ;                         ;
; Total combinational functions               ; 211                     ;
; Logic element usage by number of LUT inputs ;                         ;
;     -- 4 input functions                    ; 163                     ;
;     -- 3 input functions                    ; 45                      ;
;     -- <=2 input functions                  ; 3                       ;
;                                             ;                         ;
; Logic elements by mode                      ;                         ;
;     -- normal mode                          ; 211                     ;
;     -- arithmetic mode                      ; 0                       ;
;                                             ;                         ;
; Total registers                             ; 0                       ;
;     -- Dedicated logic registers            ; 0                       ;
;     -- I/O registers                        ; 0                       ;
;                                             ;                         ;
; I/O pins                                    ; 109                     ;
;                                             ;                         ;
; Embedded Multiplier 9-bit elements          ; 0                       ;
;                                             ;                         ;
; Maximum fan-out node                        ; ctrl_ALUopcode[0]~input ;
; Maximum fan-out                             ; 116                     ;
; Total fan-out                               ; 968                     ;
; Average fan-out                             ; 2.26                    ;
+---------------------------------------------+-------------------------+


+-----------------------------------------------------------------------------------------------------------------------------------------------------------------------------------------------------------------------------------------------+
; Analysis & Synthesis Resource Utilization by Entity                                                                                                                                                                                           ;
+-------------------------------+-------------------+--------------+-------------+--------------+---------+-----------+------+--------------+----------------------------------------------------------------------+-------------+--------------+
; Compilation Hierarchy Node    ; LC Combinationals ; LC Registers ; Memory Bits ; DSP Elements ; DSP 9x9 ; DSP 18x18 ; Pins ; Virtual Pins ; Full Hierarchy Name                                                  ; Entity Name ; Library Name ;
+-------------------------------+-------------------+--------------+-------------+--------------+---------+-----------+------+--------------+----------------------------------------------------------------------+-------------+--------------+
; |alu                          ; 211 (68)          ; 0 (0)        ; 0           ; 0            ; 0       ; 0         ; 109  ; 0            ; |alu                                                                 ; alu         ; work         ;
;    |add_sub:Add_Sub1|         ; 139 (0)           ; 0 (0)        ; 0           ; 0            ; 0       ; 0         ; 0    ; 0            ; |alu|add_sub:Add_Sub1                                                ; add_sub     ; work         ;
;       |CLA_32:CLA_32_test|    ; 139 (0)           ; 0 (0)        ; 0           ; 0            ; 0       ; 0         ; 0    ; 0            ; |alu|add_sub:Add_Sub1|CLA_32:CLA_32_test                             ; CLA_32      ; work         ;
;          |CLA_16:CLA_16_high| ; 67 (13)           ; 0 (0)        ; 0           ; 0            ; 0       ; 0         ; 0    ; 0            ; |alu|add_sub:Add_Sub1|CLA_32:CLA_32_test|CLA_16:CLA_16_high          ; CLA_16      ; work         ;
;             |CLA_4:a0|        ; 15 (15)           ; 0 (0)        ; 0           ; 0            ; 0       ; 0         ; 0    ; 0            ; |alu|add_sub:Add_Sub1|CLA_32:CLA_32_test|CLA_16:CLA_16_high|CLA_4:a0 ; CLA_4       ; work         ;
;             |CLA_4:a1|        ; 11 (11)           ; 0 (0)        ; 0           ; 0            ; 0       ; 0         ; 0    ; 0            ; |alu|add_sub:Add_Sub1|CLA_32:CLA_32_test|CLA_16:CLA_16_high|CLA_4:a1 ; CLA_4       ; work         ;
;             |CLA_4:a2|        ; 15 (15)           ; 0 (0)        ; 0           ; 0            ; 0       ; 0         ; 0    ; 0            ; |alu|add_sub:Add_Sub1|CLA_32:CLA_32_test|CLA_16:CLA_16_high|CLA_4:a2 ; CLA_4       ; work         ;
;             |CLA_4:a3|        ; 13 (13)           ; 0 (0)        ; 0           ; 0            ; 0       ; 0         ; 0    ; 0            ; |alu|add_sub:Add_Sub1|CLA_32:CLA_32_test|CLA_16:CLA_16_high|CLA_4:a3 ; CLA_4       ; work         ;
;          |CLA_16:CLA_16_low|  ; 72 (11)           ; 0 (0)        ; 0           ; 0            ; 0       ; 0         ; 0    ; 0            ; |alu|add_sub:Add_Sub1|CLA_32:CLA_32_test|CLA_16:CLA_16_low           ; CLA_16      ; work         ;
;             |CLA_4:a0|        ; 14 (14)           ; 0 (0)        ; 0           ; 0            ; 0       ; 0         ; 0    ; 0            ; |alu|add_sub:Add_Sub1|CLA_32:CLA_32_test|CLA_16:CLA_16_low|CLA_4:a0  ; CLA_4       ; work         ;
;             |CLA_4:a1|        ; 16 (16)           ; 0 (0)        ; 0           ; 0            ; 0       ; 0         ; 0    ; 0            ; |alu|add_sub:Add_Sub1|CLA_32:CLA_32_test|CLA_16:CLA_16_low|CLA_4:a1  ; CLA_4       ; work         ;
;             |CLA_4:a2|        ; 15 (15)           ; 0 (0)        ; 0           ; 0            ; 0       ; 0         ; 0    ; 0            ; |alu|add_sub:Add_Sub1|CLA_32:CLA_32_test|CLA_16:CLA_16_low|CLA_4:a2  ; CLA_4       ; work         ;
;             |CLA_4:a3|        ; 16 (16)           ; 0 (0)        ; 0           ; 0            ; 0       ; 0         ; 0    ; 0            ; |alu|add_sub:Add_Sub1|CLA_32:CLA_32_test|CLA_16:CLA_16_low|CLA_4:a3  ; CLA_4       ; work         ;
;    |equal:E1|                 ; 1 (1)             ; 0 (0)        ; 0           ; 0            ; 0       ; 0         ; 0    ; 0            ; |alu|equal:E1                                                        ; equal       ; work         ;
;    |equal:E2|                 ; 1 (1)             ; 0 (0)        ; 0           ; 0            ; 0       ; 0         ; 0    ; 0            ; |alu|equal:E2                                                        ; equal       ; work         ;
;    |equal:E3|                 ; 1 (1)             ; 0 (0)        ; 0           ; 0            ; 0       ; 0         ; 0    ; 0            ; |alu|equal:E3                                                        ; equal       ; work         ;
;    |equal:E4|                 ; 1 (1)             ; 0 (0)        ; 0           ; 0            ; 0       ; 0         ; 0    ; 0            ; |alu|equal:E4                                                        ; equal       ; work         ;
+-------------------------------+-------------------+--------------+-------------+--------------+---------+-----------+------+--------------+----------------------------------------------------------------------+-------------+--------------+
Note: For table entries with two numbers listed, the numbers in parentheses indicate the number of resources of the given type used by the specific entity alone. The numbers listed outside of parentheses indicate the total resources of the given type used by the specific entity and all of its sub-entities in the hierarchy.


+------------------------------------------------------+
; General Register Statistics                          ;
+----------------------------------------------+-------+
; Statistic                                    ; Value ;
+----------------------------------------------+-------+
; Total registers                              ; 0     ;
; Number of registers using Synchronous Clear  ; 0     ;
; Number of registers using Synchronous Load   ; 0     ;
; Number of registers using Asynchronous Clear ; 0     ;
; Number of registers using Asynchronous Load  ; 0     ;
; Number of registers using Clock Enable       ; 0     ;
; Number of registers using Preset             ; 0     ;
+----------------------------------------------+-------+


+-------------------------------------------------------------------------------------------------------------------------------------------+
; Multiplexer Restructuring Statistics (Restructuring Performed)                                                                            ;
+--------------------+-----------+---------------+----------------------+------------------------+------------+-----------------------------+
; Multiplexer Inputs ; Bus Width ; Baseline Area ; Area if Restructured ; Saving if Restructured ; Registered ; Example Multiplexer Output  ;
+--------------------+-----------+---------------+----------------------+------------------------+------------+-----------------------------+
; 5:1                ; 2 bits    ; 6 LEs         ; 2 LEs                ; 4 LEs                  ; No         ; |alu|equal:E1|out_buffer[4] ;
; 5:1                ; 2 bits    ; 6 LEs         ; 2 LEs                ; 4 LEs                  ; No         ; |alu|equal:E3|out_buffer[4] ;
+--------------------+-----------+---------------+----------------------+------------------------+------------+-----------------------------+


+---------------------------------------------------+
; Port Connectivity Checks: "equal:E4"              ;
+-----------------+-------+----------+--------------+
; Port            ; Type  ; Severity ; Details      ;
+-----------------+-------+----------+--------------+
; operand_B[1..0] ; Input ; Info     ; Stuck at VCC ;
; operand_B[4..2] ; Input ; Info     ; Stuck at GND ;
+-----------------+-------+----------+--------------+


+---------------------------------------------------+
; Port Connectivity Checks: "equal:E3"              ;
+-----------------+-------+----------+--------------+
; Port            ; Type  ; Severity ; Details      ;
+-----------------+-------+----------+--------------+
; operand_B[4..2] ; Input ; Info     ; Stuck at GND ;
; operand_B[1]    ; Input ; Info     ; Stuck at VCC ;
; operand_B[0]    ; Input ; Info     ; Stuck at GND ;
+-----------------+-------+----------+--------------+


+---------------------------------------------------+
; Port Connectivity Checks: "equal:E2"              ;
+-----------------+-------+----------+--------------+
; Port            ; Type  ; Severity ; Details      ;
+-----------------+-------+----------+--------------+
; operand_B[4..1] ; Input ; Info     ; Stuck at GND ;
; operand_B[0]    ; Input ; Info     ; Stuck at VCC ;
+-----------------+-------+----------+--------------+


+---------------------------------------------+
; Port Connectivity Checks: "equal:E1"        ;
+-----------+-------+----------+--------------+
; Port      ; Type  ; Severity ; Details      ;
+-----------+-------+----------+--------------+
; operand_B ; Input ; Info     ; Stuck at GND ;
+-----------+-------+----------+--------------+


+----------------------------------------------------------------------------------------------------------------+
; Port Connectivity Checks: "add_sub:Add_Sub1|CLA_32:CLA_32_test|CLA_16:CLA_16_high"                             ;
+------+--------+----------+-------------------------------------------------------------------------------------+
; Port ; Type   ; Severity ; Details                                                                             ;
+------+--------+----------+-------------------------------------------------------------------------------------+
; cout ; Output ; Info     ; Connected to dangling logic. Logic that only feeds a dangling port will be removed. ;
+------+--------+----------+-------------------------------------------------------------------------------------+


+----------------------------------------------------------------------------------------------------------------+
; Port Connectivity Checks: "add_sub:Add_Sub1|CLA_32:CLA_32_test|CLA_16:CLA_16_low|CLA_4:a3"                     ;
+------+--------+----------+-------------------------------------------------------------------------------------+
; Port ; Type   ; Severity ; Details                                                                             ;
+------+--------+----------+-------------------------------------------------------------------------------------+
; cout ; Output ; Info     ; Connected to dangling logic. Logic that only feeds a dangling port will be removed. ;
+------+--------+----------+-------------------------------------------------------------------------------------+


+------------------------------------------------------------------------------------------------------------------------+
; Port Connectivity Checks: "add_sub:Add_Sub1|CLA_32:CLA_32_test|CLA_16:CLA_16_low|CLA_4:a2"                             ;
+--------------+--------+----------+-------------------------------------------------------------------------------------+
; Port         ; Type   ; Severity ; Details                                                                             ;
+--------------+--------+----------+-------------------------------------------------------------------------------------+
; cout         ; Output ; Info     ; Connected to dangling logic. Logic that only feeds a dangling port will be removed. ;
; overflow_bit ; Output ; Info     ; Connected to dangling logic. Logic that only feeds a dangling port will be removed. ;
+--------------+--------+----------+-------------------------------------------------------------------------------------+


+------------------------------------------------------------------------------------------------------------------------+
; Port Connectivity Checks: "add_sub:Add_Sub1|CLA_32:CLA_32_test|CLA_16:CLA_16_low|CLA_4:a1"                             ;
+--------------+--------+----------+-------------------------------------------------------------------------------------+
; Port         ; Type   ; Severity ; Details                                                                             ;
+--------------+--------+----------+-------------------------------------------------------------------------------------+
; cout         ; Output ; Info     ; Connected to dangling logic. Logic that only feeds a dangling port will be removed. ;
; overflow_bit ; Output ; Info     ; Connected to dangling logic. Logic that only feeds a dangling port will be removed. ;
+--------------+--------+----------+-------------------------------------------------------------------------------------+


+------------------------------------------------------------------------------------------------------------------------+
; Port Connectivity Checks: "add_sub:Add_Sub1|CLA_32:CLA_32_test|CLA_16:CLA_16_low|CLA_4:a0"                             ;
+--------------+--------+----------+-------------------------------------------------------------------------------------+
; Port         ; Type   ; Severity ; Details                                                                             ;
+--------------+--------+----------+-------------------------------------------------------------------------------------+
; cout         ; Output ; Info     ; Connected to dangling logic. Logic that only feeds a dangling port will be removed. ;
; overflow_bit ; Output ; Info     ; Connected to dangling logic. Logic that only feeds a dangling port will be removed. ;
+--------------+--------+----------+-------------------------------------------------------------------------------------+


+--------------------------------------------------------------------------------------------------------------------+
; Port Connectivity Checks: "add_sub:Add_Sub1|CLA_32:CLA_32_test|CLA_16:CLA_16_low"                                  ;
+----------+--------+----------+-------------------------------------------------------------------------------------+
; Port     ; Type   ; Severity ; Details                                                                             ;
+----------+--------+----------+-------------------------------------------------------------------------------------+
; overflow ; Output ; Info     ; Connected to dangling logic. Logic that only feeds a dangling port will be removed. ;
+----------+--------+----------+-------------------------------------------------------------------------------------+


+-----------------------------------------------------+
; Post-Synthesis Netlist Statistics for Top Partition ;
+-----------------------+-----------------------------+
; Type                  ; Count                       ;
+-----------------------+-----------------------------+
; boundary_port         ; 109                         ;
; cycloneiii_io_obuf    ; 33                          ;
; cycloneiii_lcell_comb ; 212                         ;
;     normal            ; 212                         ;
;         0 data inputs ; 1                           ;
;         2 data inputs ; 3                           ;
;         3 data inputs ; 45                          ;
;         4 data inputs ; 163                         ;
;                       ;                             ;
; Max LUT depth         ; 16.00                       ;
; Average LUT depth     ; 8.95                        ;
+-----------------------+-----------------------------+


+-------------------------------+
; Elapsed Time Per Partition    ;
+----------------+--------------+
; Partition Name ; Elapsed Time ;
+----------------+--------------+
; Top            ; 00:00:01     ;
+----------------+--------------+


+-------------------------------+
; Analysis & Synthesis Messages ;
+-------------------------------+
Info: *******************************************************************
Info: Running Quartus Prime Analysis & Synthesis
    Info: Version 16.0.0 Build 211 04/27/2016 SJ Lite Edition
    Info: Processing started: Sun Sep 19 12:37:46 2021
Info: Command: quartus_map --read_settings_files=on --write_settings_files=off Project1 -c Project1
Warning (20028): Parallel compilation is not licensed and has been disabled
Info (12021): Found 1 design units, including 1 entities, in source file alu_tb.v
    Info (12023): Found entity 1: alu_tb File: E:/ECE 550D/Project/alu_tb.v Line: 3
Info (12021): Found 1 design units, including 1 entities, in source file alu.v
    Info (12023): Found entity 1: alu File: E:/ECE 550D/Project/alu.v Line: 1
Info (12021): Found 1 design units, including 1 entities, in source file cla_4.v
    Info (12023): Found entity 1: CLA_4 File: E:/ECE 550D/Project/CLA_4.v Line: 1
Info (12021): Found 1 design units, including 1 entities, in source file cla_16.v
    Info (12023): Found entity 1: CLA_16 File: E:/ECE 550D/Project/CLA_16.v Line: 1
Info (12021): Found 1 design units, including 1 entities, in source file cla_32.v
    Info (12023): Found entity 1: CLA_32 File: E:/ECE 550D/Project/CLA_32.v Line: 1
Info (12021): Found 1 design units, including 1 entities, in source file add_sub.v
    Info (12023): Found entity 1: add_sub File: E:/ECE 550D/Project/add_sub.v Line: 1
Info (12021): Found 1 design units, including 1 entities, in source file and_op.v
    Info (12023): Found entity 1: and_op File: E:/ECE 550D/Project/and_op.v Line: 1
Info (12021): Found 1 design units, including 1 entities, in source file or_op.v
    Info (12023): Found entity 1: or_op File: E:/ECE 550D/Project/or_op.v Line: 1
Info (12021): Found 1 design units, including 1 entities, in source file equal.v
    Info (12023): Found entity 1: equal File: E:/ECE 550D/Project/equal.v Line: 1
Info (12127): Elaborating entity "alu" for the top level hierarchy
Warning (10034): Output port "isNotEqual" at alu.v(7) has no driver File: E:/ECE 550D/Project/alu.v Line: 7
Warning (10034): Output port "isLessThan" at alu.v(7) has no driver File: E:/ECE 550D/Project/alu.v Line: 7
Info (12128): Elaborating entity "add_sub" for hierarchy "add_sub:Add_Sub1" File: E:/ECE 550D/Project/alu.v Line: 11
Info (12128): Elaborating entity "CLA_32" for hierarchy "add_sub:Add_Sub1|CLA_32:CLA_32_test" File: E:/ECE 550D/Project/add_sub.v Line: 33
Info (12128): Elaborating entity "CLA_16" for hierarchy "add_sub:Add_Sub1|CLA_32:CLA_32_test|CLA_16:CLA_16_low" File: E:/ECE 550D/Project/CLA_32.v Line: 11
Info (12128): Elaborating entity "CLA_4" for hierarchy "add_sub:Add_Sub1|CLA_32:CLA_32_test|CLA_16:CLA_16_low|CLA_4:a0" File: E:/ECE 550D/Project/CLA_16.v Line: 32
Info (12128): Elaborating entity "and_op" for hierarchy "and_op:And_op1" File: E:/ECE 550D/Project/alu.v Line: 14
Info (12128): Elaborating entity "or_op" for hierarchy "or_op:Or_op1" File: E:/ECE 550D/Project/alu.v Line: 17
Info (12128): Elaborating entity "equal" for hierarchy "equal:E1" File: E:/ECE 550D/Project/alu.v Line: 21
Warning (13024): Output pins are stuck at VCC or GND
    Warning (13410): Pin "isNotEqual" is stuck at GND File: E:/ECE 550D/Project/alu.v Line: 7
    Warning (13410): Pin "isLessThan" is stuck at GND File: E:/ECE 550D/Project/alu.v Line: 7
Info (286030): Timing-Driven Synthesis is running
Info (16010): Generating hard_block partition "hard_block:auto_generated_inst"
    Info (16011): Adding 0 node(s), including 0 DDIO, 0 PLL, 0 transceiver and 0 LCELL
Warning (21074): Design contains 5 input pin(s) that do not drive logic
    Warning (15610): No output dependent on input pin "ctrl_shiftamt[0]" File: E:/ECE 550D/Project/alu.v Line: 4
    Warning (15610): No output dependent on input pin "ctrl_shiftamt[1]" File: E:/ECE 550D/Project/alu.v Line: 4
    Warning (15610): No output dependent on input pin "ctrl_shiftamt[2]" File: E:/ECE 550D/Project/alu.v Line: 4
    Warning (15610): No output dependent on input pin "ctrl_shiftamt[3]" File: E:/ECE 550D/Project/alu.v Line: 4
    Warning (15610): No output dependent on input pin "ctrl_shiftamt[4]" File: E:/ECE 550D/Project/alu.v Line: 4
Info (21057): Implemented 320 device resources after synthesis - the final resource count might be different
    Info (21058): Implemented 74 input pins
    Info (21059): Implemented 35 output pins
    Info (21061): Implemented 211 logic cells
Info: Quartus Prime Analysis & Synthesis was successful. 0 errors, 12 warnings
    Info: Peak virtual memory: 4950 megabytes
    Info: Processing ended: Sun Sep 19 12:37:58 2021
    Info: Elapsed time: 00:00:12
    Info: Total CPU time (on all processors): 00:00:25


